165 [14276] INFO perfrun.launcher <> - Launcher main begin
175 [14276] INFO perfrun.launcher <> - MessageCatalogInit finished
175 [14276] INFO perfrun.launcher <> - Launcher instance created
175 [14276] INFO perfrun.launcher <> - argc = 7; cmdline = C:\Program Files (x86)\Intel\oneAPI\vtune\2025.0\bin64\amplxe-runss.exe --ui-output-format xml --ui-output-fd 1184 --option-file C:\Users\Simon\RustroverProjects\small_projects\try\r005hs\config\runss.options 
205 [14276] INFO perfrun.launcher <> - New signal handler callback was added
258 [14276] INFO perfrun.perfcollector <> - SEP tool path: C:\Program Files (x86)\Intel\oneAPI\vtune\2025.0\bin64\sep.exe
287 [14276] INFO perfrun.launcher <> - create msngr2::ICliToolContext
287 [14276] INFO perfrun.launcher <> - create file finder object
287 [14276] INFO perfrun.launcher <> - create a result directory: pattern = C:\Users\Simon\RustroverProjects\small_projects\try\r005hs pid = 4294967295
294 [14276] INFO perfrun.launcher <> - create data directory = C:\Users\Simon\RustroverProjects\small_projects\try\r005hs\data.0
296 [14276] INFO perfrun.launcher <> - Creating the master collection flag
310 [14276] INFO perfrun.launcher <> - Done creating the master collection flag
311 [22284] INFO perfrun.launcher <> - plugin [remoteplug] was disabled because it doesn't support the given collection type.
311 [22284] INFO perfrun.sdk <> - Allocating TMU :C:\Users\Simon\RustroverProjects\small_projects\try\r005hs\data.0\systemcollector-11488-LOL.sc
313 [22284] INFO perfrun.launcher <> - plugin [] was disabled because it doesn't support the given collection type.
320 [22284] INFO perfrun.launcher <> - plugin [] was disabled because it doesn't support the given collection type.
320 [22284] INFO perfrun.launcher <> - plugin [gpu] was disabled because it doesn't support the given collection type.
320 [22284] INFO perfrun.launcher <> - plugin [etw.kernel] was disabled because it doesn't support the given collection type.
320 [22284] INFO perfrun.launcher <> - plugin [etw.dx] was disabled because it doesn't support the given collection type.
320 [22284] INFO perfrun.launcher <> - plugin [etw.wsa] was disabled because it doesn't support the given collection type.
320 [22284] INFO perfrun.mrte <> - system-wide mode is 0
321 [22284] INFO perfrun.mrte <> - Getting  mrte profiling environment ...
393 [22284] INFO perfrun.mrte <> - INTEL_MRTE_DATA_DIR=C:\Users\Simon\RustroverProjects\small_projects\try\r005hs\data.0
393 [22284] INFO perfrun.mrte <> - INTEL_MRTE_HOST_NAME=LOL
393 [22284] INFO perfrun.mrte <> - JAVA_TOOL_OPTIONS=-agentlib:amplxe_samplingmrte_javaprof_1.0
393 [22284] INFO perfrun.mrte <> - PATH=C:\Program Files (x86)\Intel\oneAPI\vtune\2025.0\bin32\runtime;C:\Program Files (x86)\Intel\oneAPI\vtune\2025.0\bin64\runtime;C:\Program Files (x86)\PerkinElmerInformatics\ChemOffice2022\ChemScript\Lib;C:\Program Files\PerkinElmerInformatics\ChemOffice2022\ChemScript\Lib;C:\Program Files\Tesseract-OCR;C:\Program Files\Eclipse Adoptium\jdk-19.0.2.7-hotspot\bin;C:\WINDOWS\system32;C:\WINDOWS;C:\WINDOWS\System32\Wbem;C:\WINDOWS\System32\WindowsPowerShell\v1.0\;C:\WINDOWS\System32\OpenSSH\;C:\Program Files (x86)\Windows Kits\10\Windows Performance Toolkit\;D:\pandoc-3.1.12.3;C:\Program Files\Wolfram Research\WolframScript\;C:\Program Files\Git\cmd;C:\texlive\2024\bin;;C:\ProgramData\chocolatey\bin;C:\Program Files\CMake\bin;C:\Users\Simon\AppData\Local\Programs\Python\Python312\Scripts\;C:\Users\Simon\AppData\Local\Programs\Python\Python312\;C:\Users\Simon\.cargo\bin;C:\Users\Simon\AppData\Local\Microsoft\WindowsApps;C:\Users\Simon\AppData\Local\Programs\Microsoft VS Code\bin;C:\Users\Simon\AppData\Local\GitHubDesktop\bin;C:\texlive\2024\bin\windows;C:\Program Files\CMake\bin;C:\Program Files\DTrace;
393 [22284] INFO perfrun.mrte <> - COR_ENABLE_PROFILING=1
393 [22284] INFO perfrun.mrte <> - COR_PROFILER={AA5E4821-E3B1-479c-B7FF-5AD047D22CED}
393 [22284] INFO perfrun.mrte <> - COMPLUS_ProfAPI_ProfilerCompatibilitySetting=EnableV2Profiler
393 [22284] INFO perfrun.mrte <> - CORECLR_ENABLE_PROFILING=1
393 [22284] INFO perfrun.mrte <> - CORECLR_PROFILER={AA5E4821-E3B1-479c-B7FF-5AD047D22CED}
393 [22284] INFO perfrun.mrte <> - CORECLR_PROFILER_PATH=C:\Program Files (x86)\Intel\oneAPI\vtune\2025.0\bin64/amplxe_samplingmrte_clrprof_1.0.dll
393 [22284] INFO perfrun.mrte <> - INTEL_MRTE_PROFILER_MODE=mixed
393 [22284] INFO perfrun.mrte <> - Data directory: C:\Users\Simon\RustroverProjects\small_projects\try\r005hs\data.0
393 [22284] INFO perfrun.mrte <> - Mrte plugin is initialized
393 [22284] INFO perfrun.launcher <> - plugin [emon] was disabled because it doesn't support the given collection type.
394 [22284] INFO perfrun.launcher <> - plugin [cuscol] was disabled because it doesn't support the given collection type.
394 [22284] INFO perfrun.launcher <> - plugin [stdsrc] was disabled because it doesn't support the given collection type.
394 [22284] INFO perfrun.launcher <> - plugin [sep] was disabled because it doesn't support the given collection type.
394 [22284] INFO perfrun.launcher <> - plugin [vtsspp] was disabled because it doesn't support the given collection type.
394 [22284] INFO perfrun.launcher <> - plugin [perf] was disabled because it doesn't support the given collection type.
394 [22284] INFO perfrun.launcher <> - plugin [aoclprofile] was disabled because it doesn't support the given collection type.
394 [22284] INFO perfrun.tpss <> - initialize tpss controller
394 [22284] INFO perfrun.tpss <> - configure collection mode: value = cpu:counters:nostack
394 [22284] INFO perfrun.tpss <> - configure collection mode: value = cpu:stack
394 [22284] INFO perfrun.tpss <> - default obj-size-min=1024
394 [22284] INFO perfrun.tpss <> - default hash-table-size=0
395 [22284] INFO perfrun.launcher <> - plugin [] was disabled because it doesn't support the given collection type.
395 [22284] INFO perfrun.launcher <> - plugin [] was disabled because it doesn't support the given collection type.
395 [22284] INFO perfrun.launcher <> - plugin [] was disabled because it doesn't support the given collection type.
395 [22284] INFO perfrun.launcher <> - plugin [] was disabled because it doesn't support the given collection type.
395 [22284] INFO perfrun.launcher <> - plugin [power] was disabled because it doesn't support the given collection type.
395 [22284] INFO perfrun.launcher <> - plugin [] was disabled because it doesn't support the given collection type.
395 [22284] INFO perfrun.launcher <> - plugin [ipmwatch] was disabled because it doesn't support the given collection type.
395 [22284] INFO perfrun.launcher <> - plugin [os_counters] was disabled because it doesn't support the given collection type.
395 [22284] INFO perfrun.launcher <> - plugin [l0_metrics] was disabled because it doesn't support the given collection type.
395 [14276] INFO perfrun.launcher <> - set environment variable: PATH = C:\Program Files (x86)\Intel\oneAPI\vtune\2025.0\bin32\runtime;C:\Program Files (x86)\Intel\oneAPI\vtune\2025.0\bin64\runtime;C:\Program Files (x86)\PerkinElmerInformatics\ChemOffice2022\ChemScript\Lib;C:\Program Files\PerkinElmerInformatics\ChemOffice2022\ChemScript\Lib;C:\Program Files\Tesseract-OCR;C:\Program Files\Eclipse Adoptium\jdk-19.0.2.7-hotspot\bin;C:\WINDOWS\system32;C:\WINDOWS;C:\WINDOWS\System32\Wbem;C:\WINDOWS\System32\WindowsPowerShell\v1.0\;C:\WINDOWS\System32\OpenSSH\;C:\Program Files (x86)\Windows Kits\10\Windows Performance Toolkit\;D:\pandoc-3.1.12.3;C:\Program Files\Wolfram Research\WolframScript\;C:\Program Files\Git\cmd;C:\texlive\2024\bin;;C:\ProgramData\chocolatey\bin;C:\Program Files\CMake\bin;C:\Users\Simon\AppData\Local\Programs\Python\Python312\Scripts\;C:\Users\Simon\AppData\Local\Programs\Python\Python312\;C:\Users\Simon\.cargo\bin;C:\Users\Simon\AppData\Local\Microsoft\WindowsApps;C:\Users\Simon\AppData\Local\Programs\Microsoft VS Code\bin;C:\Users\Simon\AppData\Local\GitHubDesktop\bin;C:\texlive\2024\bin\windows;C:\Program Files\CMake\bin;C:\Program Files\DTrace;
396 [14276] INFO perfrun.launcher <> - set environment variable: INTEL_LIBITTNOTIFY32 = C:\Program Files (x86)\Intel\oneAPI\vtune\2025.0\bin32\runtime\ittnotify_collector.dll
396 [14276] INFO perfrun.launcher <> - set environment variable: INTEL_LIBITTNOTIFY64 = C:\Program Files (x86)\Intel\oneAPI\vtune\2025.0\bin64\runtime\ittnotify_collector.dll
396 [14276] INFO perfrun.launcher <> - set environment variable: INTEL_ITTNOTIFY_GROUPS = 
397 [14276] INFO perfrun.launcher <> - set environment variable: INTEL_JIT_PROFILER32 = C:\Program Files (x86)\Intel\oneAPI\vtune\2025.0\bin32\runtime\ittnotify_collector.dll
397 [14276] INFO perfrun.launcher <> - set environment variable: INTEL_JIT_PROFILER64 = C:\Program Files (x86)\Intel\oneAPI\vtune\2025.0\bin64\runtime\ittnotify_collector.dll
397 [14276] INFO perfrun.launcher <> - set environment variable: CCL_ITT_LEVEL = 1
397 [14276] INFO perfrun.launcher <> - set environment variable: ENABLE_JITPROFILING = 1
398 [14276] INFO perfrun.launcher <> - set environment variable: CL_CONFIG_USE_VTUNE = True
398 [14276] INFO perfrun.launcher <> - set environment variable: KMP_FORKJOIN_FRAMES = 0
398 [14276] INFO perfrun.launcher <> - set environment variable: KMP_FORKJOIN_FRAMES_MODE = 0
398 [14276] INFO perfrun.launcher <> - set environment variable: INTEL_MRTE_DATA_DIR = C:\Users\Simon\RustroverProjects\small_projects\try\r005hs\data.0
398 [14276] INFO perfrun.launcher <> - set environment variable: INTEL_MRTE_HOST_NAME = LOL
398 [14276] INFO perfrun.launcher <> - set environment variable: JAVA_TOOL_OPTIONS = -agentlib:amplxe_samplingmrte_javaprof_1.0
398 [14276] INFO perfrun.launcher <> - set environment variable: PATH = C:\Program Files (x86)\Intel\oneAPI\vtune\2025.0\bin32\runtime;C:\Program Files (x86)\Intel\oneAPI\vtune\2025.0\bin64\runtime;C:\Program Files (x86)\PerkinElmerInformatics\ChemOffice2022\ChemScript\Lib;C:\Program Files\PerkinElmerInformatics\ChemOffice2022\ChemScript\Lib;C:\Program Files\Tesseract-OCR;C:\Program Files\Eclipse Adoptium\jdk-19.0.2.7-hotspot\bin;C:\WINDOWS\system32;C:\WINDOWS;C:\WINDOWS\System32\Wbem;C:\WINDOWS\System32\WindowsPowerShell\v1.0\;C:\WINDOWS\System32\OpenSSH\;C:\Program Files (x86)\Windows Kits\10\Windows Performance Toolkit\;D:\pandoc-3.1.12.3;C:\Program Files\Wolfram Research\WolframScript\;C:\Program Files\Git\cmd;C:\texlive\2024\bin;;C:\ProgramData\chocolatey\bin;C:\Program Files\CMake\bin;C:\Users\Simon\AppData\Local\Programs\Python\Python312\Scripts\;C:\Users\Simon\AppData\Local\Programs\Python\Python312\;C:\Users\Simon\.cargo\bin;C:\Users\Simon\AppData\Local\Microsoft\WindowsApps;C:\Users\Simon\AppData\Local\Programs\Microsoft VS Code\bin;C:\Users\Simon\AppData\Local\GitHubDesktop\bin;C:\texlive\2024\bin\windows;C:\Program Files\CMake\bin;C:\Program Files\DTrace;
398 [14276] INFO perfrun.launcher <> - set environment variable: COR_ENABLE_PROFILING = 1
398 [14276] INFO perfrun.launcher <> - set environment variable: COR_PROFILER = {AA5E4821-E3B1-479c-B7FF-5AD047D22CED}
399 [14276] INFO perfrun.launcher <> - set environment variable: COMPLUS_ProfAPI_ProfilerCompatibilitySetting = EnableV2Profiler
399 [14276] INFO perfrun.launcher <> - set environment variable: CORECLR_ENABLE_PROFILING = 1
399 [14276] INFO perfrun.launcher <> - set environment variable: CORECLR_PROFILER = {AA5E4821-E3B1-479c-B7FF-5AD047D22CED}
399 [14276] INFO perfrun.launcher <> - set environment variable: CORECLR_PROFILER_PATH = C:\Program Files (x86)\Intel\oneAPI\vtune\2025.0\bin64/amplxe_samplingmrte_clrprof_1.0.dll
399 [14276] INFO perfrun.launcher <> - set environment variable: INTEL_MRTE_PROFILER_MODE = mixed
399 [14276] INFO perfrun.launcher <> - RpcServer: run RPC server to handle requests
406 [14276] INFO perfrun.sdk <> - IProcessUtil: the given executable 'C:\Users\Simon\RustroverProjects\small_projects\target\release\small_projects.exe' is valid.
406 [14276] INFO perfrun.launcher <> - Launcher: command line to start before modification = C:\Users\Simon\RustroverProjects\small_projects\target\release\small_projects.exe
410 [14276] INFO perfrun.launcher <> - Launcher: command line to start after modification = C:\Program Files (x86)\Intel\oneAPI\vtune\2025.0\bin64\pin.exe -error_file C:\Users\Simon\RustroverProjects\small_projects\try\r005hs\data.0\pinerr.tpsslog -detach_reattach -probe -follow_execv -p32 C:\Program Files (x86)\Intel\oneAPI\vtune\2025.0\bin32\pin.exe -p64 C:\Program Files (x86)\Intel\oneAPI\vtune\2025.0\bin64\pin.exe -t64 C:\Program Files (x86)\Intel\oneAPI\vtune\2025.0\bin64\tpsstool.dll -t C:\Program Files (x86)\Intel\oneAPI\vtune\2025.0\bin32\tpsstool.dll -server_name tpss_ipc.11488 -prd_dir C:\Program Files (x86)\Intel\oneAPI\vtune\2025.0 -- C:\Users\Simon\RustroverProjects\small_projects\target\release\small_projects.exe
410 [14276] INFO perfrun.launcher <> - ProcessCreator object was created
414 [14276] INFO perfrun.launcher <> - Launcher: the process was started in suspend mode
416 [22284] INFO perfrun.itt <> - start itt controller for pid #14804
419 [22284] INFO perfrun.tpss <> - start tpss controller for pid #14804
478 [14276] INFO perfrun.launcher <> - Launcher: all plugins were started
478 [14276] INFO perfrun.launcher <> - DirectoryMonitor object was created
479 [14276] INFO perfrun.launcher <> - DirectoryMonitor: a callback was added
479 [14276] INFO perfrun.launcher <> - DirectoryMonitor was started with pingTime = 1000
479 [14276] INFO perfrun.launcher <> - DeadlineTimer is going to be constructed
480 [14276] INFO perfrun.launcher <> - DeadlineTimer: a callback was added
521 [14276] INFO perfrun.launcher <> - Launcher: resume the profiled application and  wait its termination or stop command
68508 [6232] INFO perfrun.launcher <> - Stopping collection by RPC request
68546 [22284] INFO perfrun.itt <> - detach itt controller
68546 [22284] INFO perfrun.itt <> - detach itt controller done
68546 [22284] INFO perfrun.tpss <> - stop tpss controller
68655 [22284] INFO perfrun.sdk <> - De-allocating TMU: C:\Users\Simon\RustroverProjects\small_projects\try\r005hs\data.0\systemcollector-11488-LOL.sc
68685 [22284] INFO perfrun.system <> - closed the system trace file: C:\Users\Simon\RustroverProjects\small_projects\try\r005hs\data.0\systemcollector-11488-LOL.sc
68791 [14276] WARN perfrun.sdk <> - Unexpected exit status - -1073741510, at file: vcs\perfrun1\sdk\src\utils_win.cpp:541
69137 [6232] WARN perfrun.launcher <> - Cannot send KILL signal to the process with pid #14804 : Access is denied., at file: vcs\perfrun1\launcher\src\signal_handler_win.cpp:73
69137 [14276] INFO perfrun.launcher <> - Launcher: the profiled application was terminated  with exit code = -1073741510
69140 [14276] INFO perfrun.launcher <> - Launcher: all plugins were stopped.
69140 [14276] INFO perfrun.launcher <> - DeadlineTimer is going to be destroyed
69141 [14276] INFO perfrun.launcher <> - DeadlineTimer was destroyed
69141 [14276] INFO perfrun.launcher <> - DirectoryMonitor object was destroyed
69142 [14276] WARN perfrun.launcher <> - Stop command is ignored because it is received when collection is already stopped, at file: vcs\perfrun1\launcher\src\command_handler.cpp:226
69146 [14276] INFO perfrun.launcher <> - Application exit code: -1073741510
69146 [14276] INFO perfrun.launcher <> - Exit code: 4
