124 [14008] INFO perfrun.launcher <> - Launcher main begin
131 [14008] INFO perfrun.launcher <> - MessageCatalogInit finished
131 [14008] INFO perfrun.launcher <> - Launcher instance created
131 [14008] INFO perfrun.launcher <> - argc = 7; cmdline = C:\Program Files (x86)\Intel\oneAPI\vtune\2025.0\bin64\amplxe-runss.exe --ui-output-format xml --ui-output-fd 1148 --option-file C:\Users\Simon\RustroverProjects\small_projects\try\r003ps0\config\runss.options 
172 [14008] INFO perfrun.launcher <> - New signal handler callback was added
267 [14008] INFO perfrun.perfcollector <> - SEP tool path: C:\Program Files (x86)\Intel\oneAPI\vtune\2025.0\bin64\sep.exe
292 [14008] INFO perfrun.launcher <> - create msngr2::ICliToolContext
293 [14008] INFO perfrun.launcher <> - create file finder object
293 [14008] INFO perfrun.launcher <> - create a result directory: pattern = C:\Users\Simon\RustroverProjects\small_projects\try\r003ps0 pid = 4294967295
298 [14008] INFO perfrun.launcher <> - create data directory = C:\Users\Simon\RustroverProjects\small_projects\try\r003ps0\data.0
299 [14008] INFO perfrun.launcher <> - Creating the master collection flag
314 [14008] INFO perfrun.launcher <> - Done creating the master collection flag
316 [12200] INFO perfrun.launcher <> - plugin [remoteplug] was disabled because it doesn't support the given collection type.
316 [12200] INFO perfrun.sdk <> - Allocating TMU :C:\Users\Simon\RustroverProjects\small_projects\try\r003ps0\data.0\systemcollector-7996-LOL.sc
317 [12200] INFO perfrun.launcher <> - plugin [] was disabled because it doesn't support the given collection type.
324 [12200] INFO perfrun.launcher <> - plugin [] was disabled because it doesn't support the given collection type.
324 [12200] INFO perfrun.launcher <> - plugin [gpu] was disabled because it doesn't support the given collection type.
324 [12200] INFO perfrun.launcher <> - plugin [etw.kernel] was disabled because it doesn't support the given collection type.
324 [12200] INFO perfrun.launcher <> - plugin [etw.dx] was disabled because it doesn't support the given collection type.
324 [12200] INFO perfrun.launcher <> - plugin [etw.wsa] was disabled because it doesn't support the given collection type.
324 [12200] INFO perfrun.mrte <> - system-wide mode is 0
325 [12200] INFO perfrun.mrte <> - Getting  mrte profiling environment ...
373 [12200] INFO perfrun.mrte <> - INTEL_MRTE_DATA_DIR=C:\Users\Simon\RustroverProjects\small_projects\try\r003ps0\data.0
373 [12200] INFO perfrun.mrte <> - INTEL_MRTE_HOST_NAME=LOL
373 [12200] INFO perfrun.mrte <> - JAVA_TOOL_OPTIONS=-agentlib:amplxe_samplingmrte_javaprof_1.0
373 [12200] INFO perfrun.mrte <> - PATH=C:\Program Files (x86)\Intel\oneAPI\vtune\2025.0\bin32\runtime;C:\Program Files (x86)\Intel\oneAPI\vtune\2025.0\bin64\runtime;C:\Program Files (x86)\PerkinElmerInformatics\ChemOffice2022\ChemScript\Lib;C:\Program Files\PerkinElmerInformatics\ChemOffice2022\ChemScript\Lib;C:\Program Files\Tesseract-OCR;C:\Program Files\Eclipse Adoptium\jdk-19.0.2.7-hotspot\bin;C:\WINDOWS\system32;C:\WINDOWS;C:\WINDOWS\System32\Wbem;C:\WINDOWS\System32\WindowsPowerShell\v1.0\;C:\WINDOWS\System32\OpenSSH\;C:\Program Files (x86)\Windows Kits\10\Windows Performance Toolkit\;D:\pandoc-3.1.12.3;C:\Program Files\Wolfram Research\WolframScript\;C:\Program Files\Git\cmd;C:\texlive\2024\bin;;C:\ProgramData\chocolatey\bin;C:\Program Files\CMake\bin;C:\Users\Simon\AppData\Local\Programs\Python\Python312\Scripts\;C:\Users\Simon\AppData\Local\Programs\Python\Python312\;C:\Users\Simon\.cargo\bin;C:\Users\Simon\AppData\Local\Microsoft\WindowsApps;C:\Users\Simon\AppData\Local\Programs\Microsoft VS Code\bin;C:\Users\Simon\AppData\Local\GitHubDesktop\bin;C:\texlive\2024\bin\windows;C:\Program Files\CMake\bin;C:\Program Files\DTrace;
373 [12200] INFO perfrun.mrte <> - COR_ENABLE_PROFILING=1
373 [12200] INFO perfrun.mrte <> - COR_PROFILER={AA5E4821-E3B1-479c-B7FF-5AD047D22CED}
373 [12200] INFO perfrun.mrte <> - COMPLUS_ProfAPI_ProfilerCompatibilitySetting=EnableV2Profiler
373 [12200] INFO perfrun.mrte <> - CORECLR_ENABLE_PROFILING=1
373 [12200] INFO perfrun.mrte <> - CORECLR_PROFILER={AA5E4821-E3B1-479c-B7FF-5AD047D22CED}
373 [12200] INFO perfrun.mrte <> - CORECLR_PROFILER_PATH=C:\Program Files (x86)\Intel\oneAPI\vtune\2025.0\bin64/amplxe_samplingmrte_clrprof_1.0.dll
373 [12200] INFO perfrun.mrte <> - INTEL_MRTE_PROFILER_MODE=mixed
373 [12200] INFO perfrun.mrte <> - Data directory: C:\Users\Simon\RustroverProjects\small_projects\try\r003ps0\data.0
373 [12200] INFO perfrun.mrte <> - Mrte plugin is initialized
373 [12200] INFO perfrun.launcher <> - plugin [emon] was disabled because it doesn't support the given collection type.
373 [12200] INFO perfrun.launcher <> - plugin [cuscol] was disabled because it doesn't support the given collection type.
373 [12200] INFO perfrun.launcher <> - plugin [stdsrc] was disabled because it doesn't support the given collection type.
373 [12200] INFO perfrun.launcher <> - plugin [sep] was disabled because it doesn't support the given collection type.
374 [12200] INFO perfrun.launcher <> - plugin [vtsspp] was disabled because it doesn't support the given collection type.
374 [12200] INFO perfrun.launcher <> - plugin [perf] was disabled because it doesn't support the given collection type.
374 [12200] INFO perfrun.launcher <> - plugin [aoclprofile] was disabled because it doesn't support the given collection type.
374 [12200] INFO perfrun.tpss <> - initialize tpss controller
374 [12200] INFO perfrun.tpss <> - configure collection mode: value = cpu:counters:nostack
374 [12200] INFO perfrun.tpss <> - configure collection mode: value = cpu:nostack
374 [12200] INFO perfrun.tpss <> - default obj-size-min=1024
374 [12200] INFO perfrun.tpss <> - default hash-table-size=0
374 [12200] INFO perfrun.launcher <> - plugin [] was disabled because it doesn't support the given collection type.
374 [12200] INFO perfrun.launcher <> - plugin [] was disabled because it doesn't support the given collection type.
374 [12200] INFO perfrun.launcher <> - plugin [] was disabled because it doesn't support the given collection type.
374 [12200] INFO perfrun.launcher <> - plugin [] was disabled because it doesn't support the given collection type.
374 [12200] INFO perfrun.launcher <> - plugin [power] was disabled because it doesn't support the given collection type.
374 [12200] INFO perfrun.launcher <> - plugin [] was disabled because it doesn't support the given collection type.
374 [12200] INFO perfrun.launcher <> - plugin [ipmwatch] was disabled because it doesn't support the given collection type.
374 [12200] INFO perfrun.launcher <> - plugin [os_counters] was disabled because it doesn't support the given collection type.
374 [12200] INFO perfrun.launcher <> - plugin [l0_metrics] was disabled because it doesn't support the given collection type.
374 [14008] INFO perfrun.launcher <> - set environment variable: PATH = C:\Program Files (x86)\Intel\oneAPI\vtune\2025.0\bin32\runtime;C:\Program Files (x86)\Intel\oneAPI\vtune\2025.0\bin64\runtime;C:\Program Files (x86)\PerkinElmerInformatics\ChemOffice2022\ChemScript\Lib;C:\Program Files\PerkinElmerInformatics\ChemOffice2022\ChemScript\Lib;C:\Program Files\Tesseract-OCR;C:\Program Files\Eclipse Adoptium\jdk-19.0.2.7-hotspot\bin;C:\WINDOWS\system32;C:\WINDOWS;C:\WINDOWS\System32\Wbem;C:\WINDOWS\System32\WindowsPowerShell\v1.0\;C:\WINDOWS\System32\OpenSSH\;C:\Program Files (x86)\Windows Kits\10\Windows Performance Toolkit\;D:\pandoc-3.1.12.3;C:\Program Files\Wolfram Research\WolframScript\;C:\Program Files\Git\cmd;C:\texlive\2024\bin;;C:\ProgramData\chocolatey\bin;C:\Program Files\CMake\bin;C:\Users\Simon\AppData\Local\Programs\Python\Python312\Scripts\;C:\Users\Simon\AppData\Local\Programs\Python\Python312\;C:\Users\Simon\.cargo\bin;C:\Users\Simon\AppData\Local\Microsoft\WindowsApps;C:\Users\Simon\AppData\Local\Programs\Microsoft VS Code\bin;C:\Users\Simon\AppData\Local\GitHubDesktop\bin;C:\texlive\2024\bin\windows;C:\Program Files\CMake\bin;C:\Program Files\DTrace;
375 [14008] INFO perfrun.launcher <> - set environment variable: INTEL_LIBITTNOTIFY32 = C:\Program Files (x86)\Intel\oneAPI\vtune\2025.0\bin32\runtime\ittnotify_collector.dll
375 [14008] INFO perfrun.launcher <> - set environment variable: INTEL_LIBITTNOTIFY64 = C:\Program Files (x86)\Intel\oneAPI\vtune\2025.0\bin64\runtime\ittnotify_collector.dll
375 [14008] INFO perfrun.launcher <> - set environment variable: INTEL_ITTNOTIFY_GROUPS = 
375 [14008] INFO perfrun.launcher <> - set environment variable: INTEL_JIT_PROFILER32 = C:\Program Files (x86)\Intel\oneAPI\vtune\2025.0\bin32\runtime\ittnotify_collector.dll
376 [14008] INFO perfrun.launcher <> - set environment variable: INTEL_JIT_PROFILER64 = C:\Program Files (x86)\Intel\oneAPI\vtune\2025.0\bin64\runtime\ittnotify_collector.dll
376 [14008] INFO perfrun.launcher <> - set environment variable: CCL_ITT_LEVEL = 1
376 [14008] INFO perfrun.launcher <> - set environment variable: ENABLE_JITPROFILING = 1
376 [14008] INFO perfrun.launcher <> - set environment variable: CL_CONFIG_USE_VTUNE = True
376 [14008] INFO perfrun.launcher <> - set environment variable: KMP_FORKJOIN_FRAMES = 0
377 [14008] INFO perfrun.launcher <> - set environment variable: KMP_FORKJOIN_FRAMES_MODE = 0
377 [14008] INFO perfrun.launcher <> - set environment variable: INTEL_MRTE_DATA_DIR = C:\Users\Simon\RustroverProjects\small_projects\try\r003ps0\data.0
377 [14008] INFO perfrun.launcher <> - set environment variable: INTEL_MRTE_HOST_NAME = LOL
377 [14008] INFO perfrun.launcher <> - set environment variable: JAVA_TOOL_OPTIONS = -agentlib:amplxe_samplingmrte_javaprof_1.0
377 [14008] INFO perfrun.launcher <> - set environment variable: PATH = C:\Program Files (x86)\Intel\oneAPI\vtune\2025.0\bin32\runtime;C:\Program Files (x86)\Intel\oneAPI\vtune\2025.0\bin64\runtime;C:\Program Files (x86)\PerkinElmerInformatics\ChemOffice2022\ChemScript\Lib;C:\Program Files\PerkinElmerInformatics\ChemOffice2022\ChemScript\Lib;C:\Program Files\Tesseract-OCR;C:\Program Files\Eclipse Adoptium\jdk-19.0.2.7-hotspot\bin;C:\WINDOWS\system32;C:\WINDOWS;C:\WINDOWS\System32\Wbem;C:\WINDOWS\System32\WindowsPowerShell\v1.0\;C:\WINDOWS\System32\OpenSSH\;C:\Program Files (x86)\Windows Kits\10\Windows Performance Toolkit\;D:\pandoc-3.1.12.3;C:\Program Files\Wolfram Research\WolframScript\;C:\Program Files\Git\cmd;C:\texlive\2024\bin;;C:\ProgramData\chocolatey\bin;C:\Program Files\CMake\bin;C:\Users\Simon\AppData\Local\Programs\Python\Python312\Scripts\;C:\Users\Simon\AppData\Local\Programs\Python\Python312\;C:\Users\Simon\.cargo\bin;C:\Users\Simon\AppData\Local\Microsoft\WindowsApps;C:\Users\Simon\AppData\Local\Programs\Microsoft VS Code\bin;C:\Users\Simon\AppData\Local\GitHubDesktop\bin;C:\texlive\2024\bin\windows;C:\Program Files\CMake\bin;C:\Program Files\DTrace;
377 [14008] INFO perfrun.launcher <> - set environment variable: COR_ENABLE_PROFILING = 1
377 [14008] INFO perfrun.launcher <> - set environment variable: COR_PROFILER = {AA5E4821-E3B1-479c-B7FF-5AD047D22CED}
377 [14008] INFO perfrun.launcher <> - set environment variable: COMPLUS_ProfAPI_ProfilerCompatibilitySetting = EnableV2Profiler
377 [14008] INFO perfrun.launcher <> - set environment variable: CORECLR_ENABLE_PROFILING = 1
378 [14008] INFO perfrun.launcher <> - set environment variable: CORECLR_PROFILER = {AA5E4821-E3B1-479c-B7FF-5AD047D22CED}
378 [14008] INFO perfrun.launcher <> - set environment variable: CORECLR_PROFILER_PATH = C:\Program Files (x86)\Intel\oneAPI\vtune\2025.0\bin64/amplxe_samplingmrte_clrprof_1.0.dll
378 [14008] INFO perfrun.launcher <> - set environment variable: INTEL_MRTE_PROFILER_MODE = mixed
378 [14008] INFO perfrun.launcher <> - RpcServer: run RPC server to handle requests
405 [14008] INFO perfrun.sdk <> - IProcessUtil: the given executable 'C:\Users\Simon\RustroverProjects\small_projects\target\release\small_projects.exe' is valid.
405 [14008] INFO perfrun.launcher <> - Launcher: command line to start before modification = C:\Users\Simon\RustroverProjects\small_projects\target\release\small_projects.exe
410 [14008] INFO perfrun.launcher <> - Launcher: command line to start after modification = C:\Program Files (x86)\Intel\oneAPI\vtune\2025.0\bin64\pin.exe -error_file C:\Users\Simon\RustroverProjects\small_projects\try\r003ps0\data.0\pinerr.tpsslog -detach_reattach -probe -follow_execv -p32 C:\Program Files (x86)\Intel\oneAPI\vtune\2025.0\bin32\pin.exe -p64 C:\Program Files (x86)\Intel\oneAPI\vtune\2025.0\bin64\pin.exe -t64 C:\Program Files (x86)\Intel\oneAPI\vtune\2025.0\bin64\tpsstool.dll -t C:\Program Files (x86)\Intel\oneAPI\vtune\2025.0\bin32\tpsstool.dll -server_name tpss_ipc.7996 -prd_dir C:\Program Files (x86)\Intel\oneAPI\vtune\2025.0 -- C:\Users\Simon\RustroverProjects\small_projects\target\release\small_projects.exe
410 [14008] INFO perfrun.launcher <> - ProcessCreator object was created
416 [14008] INFO perfrun.launcher <> - Launcher: the process was started in suspend mode
419 [12200] INFO perfrun.itt <> - start itt controller for pid #14140
421 [12200] INFO perfrun.tpss <> - start tpss controller for pid #14140
477 [14008] INFO perfrun.launcher <> - Launcher: all plugins were started
477 [14008] INFO perfrun.launcher <> - DirectoryMonitor object was created
477 [14008] INFO perfrun.launcher <> - DirectoryMonitor: a callback was added
477 [14008] INFO perfrun.launcher <> - DirectoryMonitor was started with pingTime = 1000
477 [14008] INFO perfrun.launcher <> - DeadlineTimer is going to be constructed
478 [14008] INFO perfrun.launcher <> - DeadlineTimer: a callback was added
516 [14008] INFO perfrun.launcher <> - Launcher: resume the profiled application and  wait its termination or stop command
7793 [14008] INFO perfrun.launcher <> - Launcher: the profiled application was terminated  with exit code = 0
7841 [12200] INFO perfrun.itt <> - detach itt controller
7842 [12200] INFO perfrun.itt <> - detach itt controller done
7842 [12200] INFO perfrun.tpss <> - stop tpss controller
7844 [12200] INFO perfrun.sdk <> - De-allocating TMU: C:\Users\Simon\RustroverProjects\small_projects\try\r003ps0\data.0\systemcollector-7996-LOL.sc
7857 [12200] INFO perfrun.system <> - closed the system trace file: C:\Users\Simon\RustroverProjects\small_projects\try\r003ps0\data.0\systemcollector-7996-LOL.sc
7857 [14008] INFO perfrun.launcher <> - Launcher: all plugins were stopped.
7857 [14008] INFO perfrun.launcher <> - DeadlineTimer is going to be destroyed
7858 [14008] INFO perfrun.launcher <> - DeadlineTimer was destroyed
7858 [14008] INFO perfrun.launcher <> - DirectoryMonitor object was destroyed
7858 [14008] WARN perfrun.launcher <> - Stop command is ignored because it is received when collection is already stopped, at file: vcs\perfrun1\launcher\src\command_handler.cpp:226
7860 [14008] INFO perfrun.launcher <> - Application exit code: 0
7860 [14008] INFO perfrun.launcher <> - Exit code: 0
